error: Undefined Behavior: trying to reborrow <BORROW_IDX> for SharedReadWrite permission at ALLOC[$HEX], but that tag does not exist in the borrow stack for this location
  --> $DIR/illegal_read7.rs:LL:CC
   |
LL |     let _val = *x.get_mut(); //~ ERROR borrow stack
   |                 ^^^^^^^^^^^
   |                 |
   |                 trying to reborrow <BORROW_IDX> for SharedReadWrite permission at ALLOC[$HEX], but that tag does not exist in the borrow stack for this location
   |                 this error occurs as part of a reborrow at ALLOC[$HEX..$HEX]
   |
   = help: this indicates a potential bug in the program: it performed an invalid operation, but the rules it violated are still experimental
   = help: see https://github.com/rust-lang/unsafe-code-guidelines/blob/master/wip/stacked-borrows.md for further information
help: <BORROW_IDX> was created by a retag at offsets [$HEX..$HEX]
  --> $DIR/illegal_read7.rs:LL:CC
   |
LL |     let x = &mut *raw;
   |             ^^^^^^^^^
help: <BORROW_IDX> was later invalidated at offsets [$HEX..$HEX]
  --> $DIR/illegal_read7.rs:LL:CC
   |
LL |     let _val = ptr::read(raw);
   |                ^^^^^^^^^^^^^^
   = note: inside `main` at $DIR/illegal_read7.rs:LL:CC

note: some details are omitted, run with `MIRIFLAGS=-Zmiri-backtrace=full` for a verbose backtrace

error: aborting due to previous error

