The following memory was leaked: ALLOC (Rust heap, size: 16, align: 4) {
    01 00 00 00 01 00 00 00 00 00 00 00 ╾$HEX<untagged> (4 ptr bytes)╼ │ ............╾──╼
}

error: the evaluated program leaked memory

note: pass `-Zmiri-ignore-leaks` to disable this check

error: aborting due to previous error

