The following memory was leaked: ALLOC (Rust heap, size: 32, align: 8) {
    0x00 │ 01 00 00 00 00 00 00 00 01 00 00 00 00 00 00 00 │ ................
    0x10 │ 00 00 00 00 00 00 00 00 ╾0x27e80[a1565]<untagged> (8 ptr bytes)╼ │ ........╾──────╼
}

error: the evaluated program leaked memory

note: pass `-Zmiri-ignore-leaks` to disable this check

error: aborting due to previous error

