thread 'main' panicked at 'explicit panic', $DIR/exported_symbol_bad_unwind2.rs:LL:CC
note: run with `RUST_BACKTRACE=1` environment variable to display a backtrace
