warning: thread support is experimental and incomplete: weak memory effects are not emulated.

thread '<unnamed>' panicked at 'Hello!', $DIR/simple.rs:LL:CC
note: run with `RUST_BACKTRACE=1` environment variable to display a backtrace
thread 'childthread' panicked at 'Hello, world!', $DIR/simple.rs:LL:CC
